exports[`Transforming html file`] = `
<html><head>
     <script src="localhost-test_files/src-script.js"></script>
     <link rel="stylesheet" href="localhost-test_files/src-style.css">
  </head>
  <body>
    <h1>My First Heading</h1>
    <p>My first paragraph.</p>
    <img src="localhost-test_files/src-hexlet_logo.png" alt="hexlet-logo" height="200" width="200">
    <img>


</body></html>`;
